[31mError:[0m Unexpected token in input, expected :
   [38;5;246mâ•­[0m[38;5;246mâ”€[0m[38;5;246m[[0mincomplete_struct_expr_2:6:21[38;5;246m][0m
   [38;5;246mâ”‚[0m
 [38;5;246m6 â”‚[0m [38;5;249m [0m[38;5;249m [0m[38;5;249m [0m[38;5;249m [0m[38;5;249ml[0m[38;5;249me[0m[38;5;249mt[0m[38;5;249m [0m[38;5;249mf[0m[38;5;249mo[0m[38;5;249mo[0m[38;5;249m [0m[38;5;249m=[0m[38;5;249m [0m[38;5;249mF[0m[38;5;249mo[0m[38;5;249mo[0m[38;5;249m [0m[38;5;249m{[0m[38;5;249m [0m[31mb[0m[31ma[0m[31mr[0m
 [38;5;240m  â”‚[0m                     [31mâ”€[0m[31mâ”¬[0m[31mâ”€[0m  
 [38;5;240m  â”‚[0m                      [31mâ•°[0m[31mâ”€[0m[31mâ”€[0m[31mâ”€[0m Unexpected token [31mbar[0m
[38;5;246mâ”€â”€â”€â•¯[0m
[31mError:[0m Unexpected token in input, expected impl, struct, use, Fn
   [38;5;246mâ•­[0m[38;5;246mâ”€[0m[38;5;246m[[0mincomplete_struct_expr_2:7:5[38;5;246m][0m
   [38;5;246mâ”‚[0m
 [38;5;246m7 â”‚[0m [38;5;249m [0m[38;5;249m [0m[38;5;249m [0m[38;5;249m [0m[31mr[0m[31me[0m[31mt[0m[31mu[0m[31mr[0m[31mn[0m[38;5;249m;[0m
 [38;5;240m  â”‚[0m     [31mâ”€[0m[31mâ”€[0m[31mâ”€[0m[31mâ”¬[0m[31mâ”€[0m[31mâ”€[0m  
 [38;5;240m  â”‚[0m        [31mâ•°[0m[31mâ”€[0m[31mâ”€[0m[31mâ”€[0m[31mâ”€[0m Unexpected token [31mreturn[0m
[38;5;246mâ”€â”€â”€â•¯[0m

