[31mError:[0m self may only be used inside of an implementation block
   [38;5;246mâ•­[0m[38;5;246mâ”€[0m[38;5;246m[[0mbad_self:1:12[38;5;246m][0m
   [38;5;246mâ”‚[0m
 [38;5;246m1 â”‚[0m [38;5;249mf[0m[38;5;249mn[0m[38;5;249m [0m[38;5;249mn[0m[38;5;249mo[0m[38;5;249m_[0m[38;5;249ms[0m[38;5;249me[0m[38;5;249ml[0m[38;5;249mf[0m[38;5;249m([0m[31ms[0m[31me[0m[31ml[0m[31mf[0m[38;5;249m)[0m[38;5;249m [0m[38;5;249m{[0m[38;5;249m}[0m
 [38;5;240m  â”‚[0m            [31mâ”€[0m[31mâ”€[0m[31mâ”¬[0m[31mâ”€[0m  
 [38;5;240m  â”‚[0m              [31mâ•°[0m[31mâ”€[0m[31mâ”€[0m[31mâ”€[0m used here
[38;5;246mâ”€â”€â”€â•¯[0m

