[31mError:[0m impl blocks may only contain functions.
    [38;5;246mâ•­[0m[38;5;246mâ”€[0m[38;5;246m[[0mimpl_block_error_e:3:1[38;5;246m][0m
    [38;5;246mâ”‚[0m
 [38;5;246m 3 â”‚[0m [31mâ•­[0m[31mâ”€[0m[31mâ–¶[0m[31m [0m[31mi[0m[31mm[0m[31mp[0m[31ml[0m[31m [0m[31mF[0m[31mo[0m[31mo[0m[31m [0m[31m{[0m
 [38;5;240m   â”†[0m [31mâ”†[0m   
 [38;5;246m13 â”‚[0m [31mâ”œ[0m[31mâ”€[0m[31mâ–¶[0m[31m [0m[31m}[0m
 [38;5;240m   â”‚[0m [31mâ”‚[0m      
 [38;5;240m   â”‚[0m [31mâ•°[0m[31mâ”€[0m[31mâ”€[0m[31mâ”€[0m[31mâ”€[0m[31mâ”€[0m[31mâ”€[0m [31mimpl blocks may only contain functions.[0m
[38;5;246mâ”€â”€â”€â”€â•¯[0m

