[31mError:[0m Unexpected token in input, expected struct, Fn, use, impl
   [38;5;246mâ•­[0m[38;5;246mâ”€[0m[38;5;246m[[0mbad_item:3:1[38;5;246m][0m
   [38;5;246mâ”‚[0m
 [38;5;246m3 â”‚[0m [31mt[0m[31mh[0m[31mi[0m[31mn[0m[31mg[0m[38;5;249m;[0m
 [38;5;240m  â”‚[0m [31mâ”€[0m[31mâ”€[0m[31mâ”¬[0m[31mâ”€[0m[31mâ”€[0m  
 [38;5;240m  â”‚[0m   [31mâ•°[0m[31mâ”€[0m[31mâ”€[0m[31mâ”€[0m[31mâ”€[0m Unexpected token [31mthing[0m
[38;5;246mâ”€â”€â”€â•¯[0m

