[31mError:[0m Unexpected token in input, expected <path -> IDENTIFIER (:: IDENTIFIER)*>
   [38;5;246mâ•­[0m[38;5;246mâ”€[0m[38;5;246m[[0mbad_use:1:1[38;5;246m][0m
   [38;5;246mâ”‚[0m
 [38;5;246m1 â”‚[0m [31mu[0m[31ms[0m[31me[0m
 [38;5;240m  â”‚[0m [31mâ”€[0m[31mâ”¬[0m[31mâ”€[0m  
 [38;5;240m  â”‚[0m  [31mâ•°[0m[31mâ”€[0m[31mâ”€[0m[31mâ”€[0m Unexpected token [31muse[0m
[38;5;246mâ”€â”€â”€â•¯[0m
[31mError:[0m Unexpected token in input, expected impl, Fn, use, struct
   [38;5;246mâ•­[0m[38;5;246mâ”€[0m[38;5;246m[[0mbad_use:1:1[38;5;246m][0m
   [38;5;246mâ”‚[0m
 [38;5;246m1 â”‚[0m [31mu[0m[31ms[0m[31me[0m
 [38;5;240m  â”‚[0m [31mâ”€[0m[31mâ”¬[0m[31mâ”€[0m  
 [38;5;240m  â”‚[0m  [31mâ•°[0m[31mâ”€[0m[31mâ”€[0m[31mâ”€[0m Unexpected token [31muse[0m
[38;5;246mâ”€â”€â”€â•¯[0m

