[31mError:[0m [1;31merror[0m: Type mismatch: expected `boolean`, found `int`.
   [38;5;246mâ•­[0m[38;5;246mâ”€[0m[38;5;246m[[0m<unknown>:4:8[38;5;246m][0m
   [38;5;246mâ”‚[0m
 [38;5;246m4 â”‚[0m [38;5;249m [0m[38;5;249m [0m[38;5;249m [0m[38;5;249m [0m[38;5;249mi[0m[38;5;249mf[0m[38;5;249m [0m[33m1[0m[38;5;249m [0m[38;5;249m{[0m
 [38;5;240m  â”‚[0m        [33mâ”¬[0m  
 [38;5;240m  â”‚[0m        [33mâ•°[0m[33mâ”€[0m[33mâ”€[0m expected [36mboolean[0m
 [38;5;240m  â”‚[0m        [31mâ”‚[0m  
 [38;5;240m  â”‚[0m        [31mâ•°[0m[31mâ”€[0m[31mâ”€[0m found [36mint[0m
[38;5;246mâ”€â”€â”€â•¯[0m

[31mError:[0m [1;31merror[0m: Type mismatch: expected `boolean`, found `String`.
   [38;5;246mâ•­[0m[38;5;246mâ”€[0m[38;5;246m[[0m<unknown>:8:8[38;5;246m][0m
   [38;5;246mâ”‚[0m
 [38;5;246m8 â”‚[0m [38;5;249m [0m[38;5;249m [0m[38;5;249m [0m[38;5;249m [0m[38;5;249mi[0m[38;5;249mf[0m[38;5;249m [0m[33m"[0m[33m8[0m[33m"[0m[38;5;249m [0m[38;5;249m{[0m
 [38;5;240m  â”‚[0m        [33mâ”€[0m[33mâ”¬[0m[33mâ”€[0m  
 [38;5;240m  â”‚[0m         [33mâ•°[0m[33mâ”€[0m[33mâ”€[0m[33mâ”€[0m expected [36mboolean[0m
 [38;5;240m  â”‚[0m         [31mâ”‚[0m   
 [38;5;240m  â”‚[0m         [31mâ•°[0m[31mâ”€[0m[31mâ”€[0m[31mâ”€[0m found [36mString[0m
[38;5;246mâ”€â”€â”€â•¯[0m

[31mError:[0m [1;31merror[0m: Type mismatch: expected `boolean`, found `float`.
    [38;5;246mâ•­[0m[38;5;246mâ”€[0m[38;5;246m[[0m<unknown>:12:8[38;5;246m][0m
    [38;5;246mâ”‚[0m
 [38;5;246m12 â”‚[0m [38;5;249m [0m[38;5;249m [0m[38;5;249m [0m[38;5;249m [0m[38;5;249mi[0m[38;5;249mf[0m[38;5;249m [0m[33m1[0m[33m.[0m[33m0[0m[38;5;249m [0m[38;5;249m{[0m
 [38;5;240m   â”‚[0m        [33mâ”€[0m[33mâ”¬[0m[33mâ”€[0m  
 [38;5;240m   â”‚[0m         [33mâ•°[0m[33mâ”€[0m[33mâ”€[0m[33mâ”€[0m expected [36mboolean[0m
 [38;5;240m   â”‚[0m         [31mâ”‚[0m   
 [38;5;240m   â”‚[0m         [31mâ•°[0m[31mâ”€[0m[31mâ”€[0m[31mâ”€[0m found [36mfloat[0m
[38;5;246mâ”€â”€â”€â”€â•¯[0m

