[31mError:[0m Unclosed delimiter [33m{[0m
   [38;5;246mâ•­[0m[38;5;246mâ”€[0m[38;5;246m[[0mincomplete_for:3:1[38;5;246m][0m
   [38;5;246mâ”‚[0m
 [38;5;246m1 â”‚[0m [33mâ•­[0m[33mâ”€[0m[33mâ–¶[0m[33m [0m[38;5;249mf[0m[38;5;249mn[0m[38;5;249m [0m[38;5;249mm[0m[38;5;249ma[0m[38;5;249mi[0m[38;5;249mn[0m[38;5;249m([0m[38;5;249m)[0m[38;5;249m [0m[33m{[0m
 [38;5;240m  â”†[0m [33mâ”†[0m   
 [38;5;246m3 â”‚[0m [33mâ”œ[0m[33mâ”€[0m[33mâ–¶[0m[33m [0m[31m}[0m
 [38;5;240m  â”‚[0m [33mâ”‚[0m   [31mâ”¬[0m   
 [38;5;240m  â”‚[0m [33mâ”‚[0m   [31mâ•°[0m[31mâ”€[0m[31mâ”€[0m[31mâ”€[0m Must be closed before this [31m}[0m
 [38;5;240m  â”‚[0m [33mâ”‚[0m       
 [38;5;240m  â”‚[0m [33mâ•°[0m[33mâ”€[0m[33mâ”€[0m[33mâ”€[0m[33mâ”€[0m[33mâ”€[0m[33mâ”€[0m[33mâ”€[0m Unclosed delimiter [33m{[0m
[38;5;246mâ”€â”€â”€â•¯[0m
[31mError:[0m Unexpected token in input, expected impl, struct, use, Fn
   [38;5;246mâ•­[0m[38;5;246mâ”€[0m[38;5;246m[[0mincomplete_for:3:1[38;5;246m][0m
   [38;5;246mâ”‚[0m
 [38;5;246m3 â”‚[0m [31m}[0m
 [38;5;240m  â”‚[0m [31mâ”¬[0m  
 [38;5;240m  â”‚[0m [31mâ•°[0m[31mâ”€[0m[31mâ”€[0m Unexpected token [31m}[0m
[38;5;246mâ”€â”€â”€â•¯[0m

