[31mError:[0m [1;31merror[0m: Type mismatch: expected `int`, found `()`.
   [38;5;246mâ•­[0m[38;5;246mâ”€[0m[38;5;246m[[0m<unknown>:5:1[38;5;246m][0m
   [38;5;246mâ”‚[0m
 [38;5;246m5 â”‚[0m [33mf[0m[33mn[0m[33m [0m[33ma[0m[33m([0m[33m)[0m[33m [0m[33m-[0m[33m>[0m[33m [0m[33mi[0m[33mn[0m[33mt[0m[33m [0m[31m{[0m[31m}[0m
 [38;5;240m  â”‚[0m [33mâ”€[0m[33mâ”€[0m[33mâ”€[0m[33mâ”€[0m[33mâ”€[0m[33mâ”€[0m[33mâ”€[0m[33mâ”€[0m[33mâ”¬[0m[33mâ”€[0m[33mâ”€[0m[33mâ”€[0m[33mâ”€[0m[33mâ”€[0m[31mâ”€[0m[31mâ”¬[0m  
 [38;5;240m  â”‚[0m         [33mâ•°[0m[33mâ”€[0m[33mâ”€[0m[33mâ”€[0m[33mâ”€[0m[33mâ”€[0m[33mâ”€[0m[33mâ”€[0m[33mâ”€[0m[33mâ”€[0m expected [36mint[0m
 [38;5;240m  â”‚[0m                [31mâ”‚[0m  
 [38;5;240m  â”‚[0m                [31mâ•°[0m[31mâ”€[0m[31mâ”€[0m found [36m()[0m
[38;5;246mâ”€â”€â”€â•¯[0m

[31mError:[0m [1;31merror[0m: Type mismatch: expected `int`, found `String`.
    [38;5;246mâ•­[0m[38;5;246mâ”€[0m[38;5;246m[[0m<unknown>:8:1[38;5;246m][0m
    [38;5;246mâ”‚[0m
 [38;5;246m 8 â”‚[0m [33mâ•­[0m[33mâ”€[0m[33mâ–¶[0m[33m [0m[33mf[0m[33mn[0m[33m [0m[33mb[0m[33m([0m[33m)[0m[33m [0m[33m-[0m[33m>[0m[33m [0m[33mi[0m[33mn[0m[33mt[0m[33m [0m[33m{[0m
 [38;5;246m 9 â”‚[0m [33mâ”‚[0m   [33m [0m[33m [0m[33m [0m[33m [0m[31m"[0m[31mh[0m[31me[0m[31ml[0m[31ml[0m[31mo[0m[31m"[0m
 [38;5;240m   â”‚[0m [33mâ”‚[0m       [31mâ”€[0m[31mâ”€[0m[31mâ”€[0m[31mâ”¬[0m[31mâ”€[0m[31mâ”€[0m[31mâ”€[0m  
 [38;5;240m   â”‚[0m [33mâ”‚[0m          [31mâ•°[0m[31mâ”€[0m[31mâ”€[0m[31mâ”€[0m[31mâ”€[0m[31mâ”€[0m found [36mString[0m
 [38;5;246m10 â”‚[0m [33mâ”œ[0m[33mâ”€[0m[33mâ–¶[0m[33m [0m[33m}[0m
 [38;5;240m   â”‚[0m [33mâ”‚[0m       
 [38;5;240m   â”‚[0m [33mâ•°[0m[33mâ”€[0m[33mâ”€[0m[33mâ”€[0m[33mâ”€[0m[33mâ”€[0m[33mâ”€[0m[33mâ”€[0m expected [36mint[0m
[38;5;246mâ”€â”€â”€â”€â•¯[0m

[31mError:[0m [1;31merror[0m: Type mismatch: expected `String`, found `int`.
    [38;5;246mâ•­[0m[38;5;246mâ”€[0m[38;5;246m[[0m<unknown>:13:1[38;5;246m][0m
    [38;5;246mâ”‚[0m
 [38;5;246m13 â”‚[0m [33mâ•­[0m[33mâ”€[0m[33mâ–¶[0m[33m [0m[33mf[0m[33mn[0m[33m [0m[33mc[0m[33m([0m[33m)[0m[33m [0m[33m-[0m[33m>[0m[33m [0m[33ms[0m[33mt[0m[33mr[0m[33mi[0m[33mn[0m[33mg[0m[33m [0m[33m{[0m
 [38;5;246m14 â”‚[0m [33mâ”‚[0m   [33m [0m[33m [0m[33m [0m[33m [0m[31m4[0m[31m2[0m
 [38;5;240m   â”‚[0m [33mâ”‚[0m       [31mâ”€[0m[31mâ”¬[0m  
 [38;5;240m   â”‚[0m [33mâ”‚[0m        [31mâ•°[0m[31mâ”€[0m[31mâ”€[0m found [36mint[0m
 [38;5;246m15 â”‚[0m [33mâ”œ[0m[33mâ”€[0m[33mâ–¶[0m[33m [0m[33m}[0m
 [38;5;240m   â”‚[0m [33mâ”‚[0m       
 [38;5;240m   â”‚[0m [33mâ•°[0m[33mâ”€[0m[33mâ”€[0m[33mâ”€[0m[33mâ”€[0m[33mâ”€[0m[33mâ”€[0m[33mâ”€[0m expected [36mString[0m
[38;5;246mâ”€â”€â”€â”€â•¯[0m

