Interpreter exited with:
[31mError:[0m no such field
   [38;5;246mâ•­[0m[38;5;246mâ”€[0m[38;5;246m[[0mno_such_struct_field_i:6:33[38;5;246m][0m
   [38;5;246mâ”‚[0m
 [38;5;246m6 â”‚[0m [38;5;249m [0m[38;5;249m [0m[38;5;249m [0m[38;5;249m [0m[38;5;249ml[0m[38;5;249me[0m[38;5;249mt[0m[38;5;249m [0m[38;5;249mf[0m[38;5;249m [0m[38;5;249m=[0m[38;5;249m [0m[38;5;249mF[0m[38;5;249mo[0m[38;5;249mo[0m[38;5;249m [0m[38;5;249m{[0m[38;5;249m [0m[38;5;249mb[0m[38;5;249ma[0m[38;5;249mr[0m[38;5;249m:[0m[38;5;249m [0m[38;5;249m4[0m[38;5;249m2[0m[38;5;249m,[0m[38;5;249m [0m[38;5;249mb[0m[38;5;249ma[0m[38;5;249mz[0m[38;5;249m:[0m[38;5;249m [0m[31mt[0m[31mr[0m[31mu[0m[31me[0m[38;5;249m [0m[38;5;249m}[0m[38;5;249m;[0m
 [38;5;240m  â”‚[0m                                 [31mâ”€[0m[31mâ”€[0m[31mâ”¬[0m[31mâ”€[0m  
 [38;5;240m  â”‚[0m                                   [31mâ•°[0m[31mâ”€[0m[31mâ”€[0m[31mâ”€[0m in this expression: [33mbaz[0m
[38;5;246mâ”€â”€â”€â•¯[0m

