Interpreter exited with:
[31mError:[0m no such method
    [38;5;246mâ•­[0m[38;5;246mâ”€[0m[38;5;246m[[0mno_such_method:22:5[38;5;246m][0m
    [38;5;246mâ”‚[0m
 [38;5;246m22 â”‚[0m [38;5;249m [0m[38;5;249m [0m[38;5;249m [0m[38;5;249m [0m[31mp[0m[31m.[0m[31mh[0m[31me[0m[31ml[0m[31ml[0m[31mo[0m[31m([0m[31m)[0m[38;5;249m;[0m
 [38;5;240m   â”‚[0m     [31mâ”€[0m[31mâ”€[0m[31mâ”€[0m[31mâ”€[0m[31mâ”¬[0m[31mâ”€[0m[31mâ”€[0m[31mâ”€[0m[31mâ”€[0m  
 [38;5;240m   â”‚[0m         [31mâ•°[0m[31mâ”€[0m[31mâ”€[0m[31mâ”€[0m[31mâ”€[0m[31mâ”€[0m[31mâ”€[0m in this invocation: [33mhello[0m
[38;5;246mâ”€â”€â”€â”€â•¯[0m

