Interpreter exited with:
[31mError:[0m no such static method
    [38;5;246mâ•­[0m[38;5;246mâ”€[0m[38;5;246m[[0mno_such_static_method:21:13[38;5;246m][0m
    [38;5;246mâ”‚[0m
 [38;5;246m21 â”‚[0m [38;5;249m [0m[38;5;249m [0m[38;5;249m [0m[38;5;249m [0m[38;5;249ml[0m[38;5;249me[0m[38;5;249mt[0m[38;5;249m [0m[38;5;249mp[0m[38;5;249m [0m[38;5;249m=[0m[38;5;249m [0m[31mP[0m[31mo[0m[31mi[0m[31mn[0m[31mt[0m[31m:[0m[31m:[0m[31md[0m[31me[0m[31mf[0m[31ma[0m[31mu[0m[31ml[0m[31mt[0m[31m([0m[31m)[0m[38;5;249m;[0m
 [38;5;240m   â”‚[0m             [31mâ”€[0m[31mâ”€[0m[31mâ”€[0m[31mâ”€[0m[31mâ”€[0m[31mâ”€[0m[31mâ”€[0m[31mâ”€[0m[31mâ”¬[0m[31mâ”€[0m[31mâ”€[0m[31mâ”€[0m[31mâ”€[0m[31mâ”€[0m[31mâ”€[0m[31mâ”€[0m  
 [38;5;240m   â”‚[0m                     [31mâ•°[0m[31mâ”€[0m[31mâ”€[0m[31mâ”€[0m[31mâ”€[0m[31mâ”€[0m[31mâ”€[0m[31mâ”€[0m[31mâ”€[0m[31mâ”€[0m in this invocation
 [38;5;240m   â”‚[0m 
 [38;5;240m   â”‚[0m [38;5;115mNote[0m: [33mPoint[0m does not have a static method named [33mdefault[0m
[38;5;246mâ”€â”€â”€â”€â•¯[0m

