
[1;31merror[0m: Object lookup failed for Complex