[31mError:[0m Unexpected token in input, expected <expression>
   [38;5;246mâ•­[0m[38;5;246mâ”€[0m[38;5;246m[[0mif_no_else_block:2:16[38;5;246m][0m
   [38;5;246mâ”‚[0m
 [38;5;246m2 â”‚[0m [38;5;249m [0m[38;5;249m [0m[38;5;249m [0m[38;5;249m [0m[38;5;249mi[0m[38;5;249mf[0m[38;5;249m [0m[38;5;249mt[0m[38;5;249mr[0m[38;5;249mu[0m[38;5;249me[0m[38;5;249m [0m[38;5;249m{[0m[38;5;249m}[0m[38;5;249m [0m[31me[0m[31ml[0m[31ms[0m[31me[0m
 [38;5;240m  â”‚[0m                [31mâ”€[0m[31mâ”€[0m[31mâ”¬[0m[31mâ”€[0m  
 [38;5;240m  â”‚[0m                  [31mâ•°[0m[31mâ”€[0m[31mâ”€[0m[31mâ”€[0m Unexpected token [31melse[0m
[38;5;246mâ”€â”€â”€â•¯[0m
[31mError:[0m Unexpected token in input, expected use, struct, Fn, impl
   [38;5;246mâ•­[0m[38;5;246mâ”€[0m[38;5;246m[[0mif_no_else_block:3:1[38;5;246m][0m
   [38;5;246mâ”‚[0m
 [38;5;246m3 â”‚[0m [31m}[0m
 [38;5;240m  â”‚[0m [31mâ”¬[0m  
 [38;5;240m  â”‚[0m [31mâ•°[0m[31mâ”€[0m[31mâ”€[0m Unexpected token [31m}[0m
[38;5;246mâ”€â”€â”€â•¯[0m

