[31mError:[0m Unexpected token in input, expected identifier
   [38;5;246mâ•­[0m[38;5;246mâ”€[0m[38;5;246m[[0m let_no_var:2:5 [38;5;246m][0m
   [38;5;246mâ”‚[0m
 [38;5;246m2 â”‚[0m [38;5;249m [0m[38;5;249m [0m[38;5;249m [0m[38;5;249m [0m[31ml[0m[31me[0m[31mt[0m
 [38;5;240m  â”‚[0m     [31mâ”€[0m[31mâ”¬[0m[31mâ”€[0m  
 [38;5;240m  â”‚[0m      [31mâ•°[0m[31mâ”€[0m[31mâ”€[0m[31mâ”€[0m Unexpected token [31mlet[0m
[38;5;246mâ”€â”€â”€â•¯[0m
[31mError:[0m Unexpected token in input, expected use, struct, Fn, impl
   [38;5;246mâ•­[0m[38;5;246mâ”€[0m[38;5;246m[[0m let_no_var:3:1 [38;5;246m][0m
   [38;5;246mâ”‚[0m
 [38;5;246m3 â”‚[0m [31m}[0m
 [38;5;240m  â”‚[0m [31mâ”¬[0m  
 [38;5;240m  â”‚[0m [31mâ•°[0m[31mâ”€[0m[31mâ”€[0m Unexpected token [31m}[0m
[38;5;246mâ”€â”€â”€â•¯[0m

