[31mError:[0m Unclosed delimiter [33m{[0m
   [38;5;246mâ•­[0m[38;5;246mâ”€[0m[38;5;246m[[0mincomplete_struct_1:2:10[38;5;246m][0m
   [38;5;246mâ”‚[0m
 [38;5;246m1 â”‚[0m [33mâ•­[0m[33mâ”€[0m[33mâ–¶[0m[33m [0m[33ms[0m[33mt[0m[33mr[0m[33mu[0m[33mc[0m[33mt[0m[33m [0m[33mF[0m[33mo[0m[33mo[0m[33m [0m[33m{[0m
 [38;5;246m2 â”‚[0m [33mâ”œ[0m[33mâ”€[0m[33mâ–¶[0m[33m [0m[33m [0m[33m [0m[33m [0m[33m [0m[33mb[0m[33ma[0m[33mr[0m[33m:[0m[33m [0m[31mi[0m[31mn[0m[31mt[0m
 [38;5;240m  â”‚[0m [33mâ”‚[0m            [31mâ”€[0m[31mâ”¬[0m[31mâ”€[0m   
 [38;5;240m  â”‚[0m [33mâ”‚[0m             [31mâ•°[0m[31mâ”€[0m[31mâ”€[0m[31mâ”€[0m[31mâ”€[0m Must be closed before this [31mint[0m
 [38;5;240m  â”‚[0m [33mâ”‚[0m                  
 [38;5;240m  â”‚[0m [33mâ•°[0m[33mâ”€[0m[33mâ”€[0m[33mâ”€[0m[33mâ”€[0m[33mâ”€[0m[33mâ”€[0m[33mâ”€[0m[33mâ”€[0m[33mâ”€[0m[33mâ”€[0m[33mâ”€[0m[33mâ”€[0m[33mâ”€[0m[33mâ”€[0m[33mâ”€[0m[33mâ”€[0m[33mâ”€[0m[33mâ”€[0m Unclosed delimiter [33m{[0m
[38;5;246mâ”€â”€â”€â•¯[0m
[31mError:[0m Unexpected token in input, expected Fn, impl, use, struct
   [38;5;246mâ•­[0m[38;5;246mâ”€[0m[38;5;246m[[0mincomplete_struct_1:2:10[38;5;246m][0m
   [38;5;246mâ”‚[0m
 [38;5;246m2 â”‚[0m [38;5;249m [0m[38;5;249m [0m[38;5;249m [0m[38;5;249m [0m[38;5;249mb[0m[38;5;249ma[0m[38;5;249mr[0m[38;5;249m:[0m[38;5;249m [0m[31mi[0m[31mn[0m[31mt[0m
 [38;5;240m  â”‚[0m          [31mâ”€[0m[31mâ”¬[0m[31mâ”€[0m  
 [38;5;240m  â”‚[0m           [31mâ•°[0m[31mâ”€[0m[31mâ”€[0m[31mâ”€[0m Unexpected token [31mint[0m
[38;5;246mâ”€â”€â”€â•¯[0m

