[31mError:[0m Unexpected token in input, expected ';'
   [38;5;246mâ•­[0m[38;5;246mâ”€[0m[38;5;246m[[0m bad_use_no_semi:1:15 [38;5;246m][0m
   [38;5;246mâ”‚[0m
 [38;5;246m1 â”‚[0m [38;5;249mu[0m[38;5;249ms[0m[38;5;249me[0m[38;5;249m [0m[38;5;249mf[0m[38;5;249mo[0m[38;5;249mo[0m[38;5;249m:[0m[38;5;249m:[0m[38;5;249mb[0m[38;5;249ma[0m[38;5;249mr[0m[38;5;249m:[0m[38;5;249m:[0m[31mB[0m[31ma[0m[31mz[0m
 [38;5;240m  â”‚[0m               [31mâ”€[0m[31mâ”¬[0m[31mâ”€[0m  
 [38;5;240m  â”‚[0m                [31mâ•°[0m[31mâ”€[0m[31mâ”€[0m[31mâ”€[0m Unexpected token [31mBaz[0m
[38;5;246mâ”€â”€â”€â•¯[0m
[31mError:[0m Unexpected token in input, expected use, struct, Fn, impl
   [38;5;246mâ•­[0m[38;5;246mâ”€[0m[38;5;246m[[0m bad_use_no_semi:1:15 [38;5;246m][0m
   [38;5;246mâ”‚[0m
 [38;5;246m1 â”‚[0m [38;5;249mu[0m[38;5;249ms[0m[38;5;249me[0m[38;5;249m [0m[38;5;249mf[0m[38;5;249mo[0m[38;5;249mo[0m[38;5;249m:[0m[38;5;249m:[0m[38;5;249mb[0m[38;5;249ma[0m[38;5;249mr[0m[38;5;249m:[0m[38;5;249m:[0m[31mB[0m[31ma[0m[31mz[0m
 [38;5;240m  â”‚[0m               [31mâ”€[0m[31mâ”¬[0m[31mâ”€[0m  
 [38;5;240m  â”‚[0m                [31mâ•°[0m[31mâ”€[0m[31mâ”€[0m[31mâ”€[0m Unexpected token [31mBaz[0m
[38;5;246mâ”€â”€â”€â•¯[0m

