[31mError:[0m Unexpected token in input, expected identifier
   [38;5;246mâ•­[0m[38;5;246mâ”€[0m[38;5;246m[[0m bad_impl_no_ident:1:1 [38;5;246m][0m
   [38;5;246mâ”‚[0m
 [38;5;246m1 â”‚[0m [31mi[0m[31mm[0m[31mp[0m[31ml[0m[38;5;249m [0m[38;5;249m{[0m[38;5;249m}[0m
 [38;5;240m  â”‚[0m [31mâ”€[0m[31mâ”€[0m[31mâ”¬[0m[31mâ”€[0m  
 [38;5;240m  â”‚[0m   [31mâ•°[0m[31mâ”€[0m[31mâ”€[0m[31mâ”€[0m Unexpected token [31mimpl[0m
[38;5;246mâ”€â”€â”€â•¯[0m
[31mError:[0m Unexpected token in input, expected impl, struct, Fn, use
   [38;5;246mâ•­[0m[38;5;246mâ”€[0m[38;5;246m[[0m bad_impl_no_ident:1:6 [38;5;246m][0m
   [38;5;246mâ”‚[0m
 [38;5;246m1 â”‚[0m [38;5;249mi[0m[38;5;249mm[0m[38;5;249mp[0m[38;5;249ml[0m[38;5;249m [0m[31m{[0m[38;5;249m}[0m
 [38;5;240m  â”‚[0m      [31mâ”¬[0m  
 [38;5;240m  â”‚[0m      [31mâ•°[0m[31mâ”€[0m[31mâ”€[0m Unexpected token [31m{[0m
[38;5;246mâ”€â”€â”€â•¯[0m

