[31mError:[0m Type mismatch: expected `[3;35mint[0m`, found `[3;35m()[0m`.
   [38;5;246mâ•­[0m[38;5;246mâ”€[0m[38;5;246m[[0m invalid_return:5:15 [38;5;246m][0m
   [38;5;246mâ”‚[0m
 [38;5;246m5 â”‚[0m [38;5;249mf[0m[38;5;249mn[0m[38;5;249m [0m[38;5;249ma[0m[38;5;249m([0m[38;5;249m)[0m[38;5;249m [0m[38;5;249m-[0m[38;5;249m>[0m[38;5;249m [0m[33mi[0m[33mn[0m[33mt[0m[33m [0m[31m{[0m[31m}[0m
 [38;5;240m  â”‚[0m           [33mâ”€[0m[33mâ”€[0m[33mâ”¬[0m[33mâ”€[0m[31mâ”€[0m[31mâ”¬[0m  
 [38;5;240m  â”‚[0m             [33mâ•°[0m[33mâ”€[0m[33mâ”€[0m[33mâ”€[0m[33mâ”€[0m[33mâ”€[0m expected [36m[3;35mint[0m[0m
 [38;5;240m  â”‚[0m                [31mâ”‚[0m  
 [38;5;240m  â”‚[0m                [31mâ•°[0m[31mâ”€[0m[31mâ”€[0m found [36m[3;35m()[0m[0m
[38;5;246mâ”€â”€â”€â•¯[0m

[31mError:[0m Type mismatch: expected `[3;35mint[0m`, found `[3;35mstring[0m`.
   [38;5;246mâ•­[0m[38;5;246mâ”€[0m[38;5;246m[[0m invalid_return:9:5 [38;5;246m][0m
   [38;5;246mâ”‚[0m
 [38;5;246m8 â”‚[0m [38;5;249mf[0m[38;5;249mn[0m[38;5;249m [0m[38;5;249mb[0m[38;5;249m([0m[38;5;249m)[0m[38;5;249m [0m[38;5;249m-[0m[38;5;249m>[0m[38;5;249m [0m[33mi[0m[33mn[0m[33mt[0m[33m [0m[33m{[0m
 [38;5;240m  â”‚[0m           [33mâ”€[0m[33mâ”€[0m[33mâ”¬[0m[33mâ”€[0m[33mâ”€[0m  
 [38;5;240m  â”‚[0m             [33mâ•°[0m[33mâ”€[0m[33mâ”€[0m[33mâ”€[0m[33mâ”€[0m expected [36m[3;35mint[0m[0m
 [38;5;246m9 â”‚[0m [38;5;249m [0m[38;5;249m [0m[38;5;249m [0m[38;5;249m [0m[31m"[0m[31mh[0m[31me[0m[31ml[0m[31ml[0m[31mo[0m[31m"[0m
 [38;5;240m  â”‚[0m     [31mâ”€[0m[31mâ”€[0m[31mâ”€[0m[31mâ”¬[0m[31mâ”€[0m[31mâ”€[0m[31mâ”€[0m  
 [38;5;240m  â”‚[0m        [31mâ•°[0m[31mâ”€[0m[31mâ”€[0m[31mâ”€[0m[31mâ”€[0m[31mâ”€[0m found [36m[3;35mstring[0m[0m
[38;5;246mâ”€â”€â”€â•¯[0m

[31mError:[0m Type mismatch: expected `[3;35mstring[0m`, found `[3;35mint[0m`.
    [38;5;246mâ•­[0m[38;5;246mâ”€[0m[38;5;246m[[0m invalid_return:14:5 [38;5;246m][0m
    [38;5;246mâ”‚[0m
 [38;5;246m13 â”‚[0m [38;5;249mf[0m[38;5;249mn[0m[38;5;249m [0m[38;5;249mc[0m[38;5;249m([0m[38;5;249m)[0m[38;5;249m [0m[38;5;249m-[0m[38;5;249m>[0m[38;5;249m [0m[33ms[0m[33mt[0m[33mr[0m[33mi[0m[33mn[0m[33mg[0m[33m [0m[33m{[0m
 [38;5;240m   â”‚[0m           [33mâ”€[0m[33mâ”€[0m[33mâ”€[0m[33mâ”€[0m[33mâ”¬[0m[33mâ”€[0m[33mâ”€[0m[33mâ”€[0m  
 [38;5;240m   â”‚[0m               [33mâ•°[0m[33mâ”€[0m[33mâ”€[0m[33mâ”€[0m[33mâ”€[0m[33mâ”€[0m expected [36m[3;35mstring[0m[0m
 [38;5;246m14 â”‚[0m [38;5;249m [0m[38;5;249m [0m[38;5;249m [0m[38;5;249m [0m[31m4[0m[31m2[0m
 [38;5;240m   â”‚[0m     [31mâ”€[0m[31mâ”¬[0m  
 [38;5;240m   â”‚[0m      [31mâ•°[0m[31mâ”€[0m[31mâ”€[0m found [36m[3;35mint[0m[0m
[38;5;246mâ”€â”€â”€â”€â•¯[0m

