[31mError:[0m Unknown type: `Complex`.
   [38;5;246mâ•­[0m[38;5;246mâ”€[0m[38;5;246m[[0m no_struct:2:1 [38;5;246m][0m
   [38;5;246mâ”‚[0m
 [38;5;246m2 â”‚[0m [31mâ•­[0m[31mâ”€[0m[31mâ–¶[0m[31m [0m[31mi[0m[31mm[0m[31mp[0m[31ml[0m[31m [0m[31mC[0m[31mo[0m[31mm[0m[31mp[0m[31ml[0m[31me[0m[31mx[0m[31m [0m[31m{[0m
 [38;5;240m  â”†[0m [31mâ”†[0m   
 [38;5;246m9 â”‚[0m [31mâ”œ[0m[31mâ”€[0m[31mâ–¶[0m[31m [0m[31m}[0m
 [38;5;240m  â”‚[0m [31mâ”‚[0m       
 [38;5;240m  â”‚[0m [31mâ•°[0m[31mâ”€[0m[31mâ”€[0m[31mâ”€[0m[31mâ”€[0m[31mâ”€[0m[31mâ”€[0m[31mâ”€[0m unknown type [36mComplex[0m
[38;5;246mâ”€â”€â”€â•¯[0m

