[31mError:[0m Type mismatch: expected `[3;35mUuid[0m`, found `[3;35mstring[0m`.
   [38;5;246mâ•­[0m[38;5;246mâ”€[0m[38;5;246m[[0m type_mismatch_result:1:1 [38;5;246m][0m
   [38;5;246mâ”‚[0m
 [38;5;246m1 â”‚[0m [33mâ•­[0m[33mâ”€[0m[33mâ–¶[0m[33m [0m[33mf[0m[33mn[0m[33m [0m[33mm[0m[33ma[0m[33mi[0m[33mn[0m[33m([0m[33m)[0m[33m [0m[33m-[0m[33m>[0m[33m [0m[33mU[0m[33mu[0m[33mi[0m[33md[0m[33m [0m[33m{[0m
 [38;5;246m2 â”‚[0m [33mâ”‚[0m   [33m [0m[33m [0m[33m [0m[33m [0m[31m"[0m[31mr[0m[31me[0m[31ms[0m[31mu[0m[31ml[0m[31mt[0m[31m"[0m
 [38;5;240m  â”‚[0m [33mâ”‚[0m       [31mâ”€[0m[31mâ”€[0m[31mâ”€[0m[31mâ”€[0m[31mâ”¬[0m[31mâ”€[0m[31mâ”€[0m[31mâ”€[0m  
 [38;5;240m  â”‚[0m [33mâ”‚[0m           [31mâ•°[0m[31mâ”€[0m[31mâ”€[0m[31mâ”€[0m[31mâ”€[0m[31mâ”€[0m found [36m[3;35mstring[0m[0m
 [38;5;246m3 â”‚[0m [33mâ”œ[0m[33mâ”€[0m[33mâ–¶[0m[33m [0m[33m}[0m
 [38;5;240m  â”‚[0m [33mâ”‚[0m       
 [38;5;240m  â”‚[0m [33mâ•°[0m[33mâ”€[0m[33mâ”€[0m[33mâ”€[0m[33mâ”€[0m[33mâ”€[0m[33mâ”€[0m[33mâ”€[0m expected [36m[3;35mUuid[0m[0m
[38;5;246mâ”€â”€â”€â•¯[0m

