[31mError:[0m Unexpected token in input, expected 'float', 'Option<T>', '[T]', 'string', 'bool', 'int', 'Uuid'
   [38;5;246mâ•­[0m[38;5;246mâ”€[0m[38;5;246m[[0m incomplete_struct_2:2:8 [38;5;246m][0m
   [38;5;246mâ”‚[0m
 [38;5;246m2 â”‚[0m [38;5;249m [0m[38;5;249m [0m[38;5;249m [0m[38;5;249m [0m[38;5;249mb[0m[38;5;249ma[0m[38;5;249mr[0m[31m:[0m
 [38;5;240m  â”‚[0m        [31mâ”¬[0m  
 [38;5;240m  â”‚[0m        [31mâ•°[0m[31mâ”€[0m[31mâ”€[0m Unexpected token [31m:[0m
[38;5;246mâ”€â”€â”€â•¯[0m
[31mError:[0m Unexpected token in input, expected Fn, use, impl, struct
   [38;5;246mâ•­[0m[38;5;246mâ”€[0m[38;5;246m[[0m incomplete_struct_2:2:8 [38;5;246m][0m
   [38;5;246mâ”‚[0m
 [38;5;246m2 â”‚[0m [38;5;249m [0m[38;5;249m [0m[38;5;249m [0m[38;5;249m [0m[38;5;249mb[0m[38;5;249ma[0m[38;5;249mr[0m[31m:[0m
 [38;5;240m  â”‚[0m        [31mâ”¬[0m  
 [38;5;240m  â”‚[0m        [31mâ•°[0m[31mâ”€[0m[31mâ”€[0m Unexpected token [31m:[0m
[38;5;246mâ”€â”€â”€â•¯[0m

