[31mError:[0m Unexpected token in input, expected ':'
   [38;5;246mâ•­[0m[38;5;246mâ”€[0m[38;5;246m[[0m incomplete_struct_3:2:5 [38;5;246m][0m
   [38;5;246mâ”‚[0m
 [38;5;246m2 â”‚[0m [38;5;249m [0m[38;5;249m [0m[38;5;249m [0m[38;5;249m [0m[31mb[0m[31ma[0m[31mr[0m
 [38;5;240m  â”‚[0m     [31mâ”€[0m[31mâ”¬[0m[31mâ”€[0m  
 [38;5;240m  â”‚[0m      [31mâ•°[0m[31mâ”€[0m[31mâ”€[0m[31mâ”€[0m Unexpected token [31mbar[0m
[38;5;246mâ”€â”€â”€â•¯[0m
[31mError:[0m Unexpected token in input, expected impl, Fn, struct, use
   [38;5;246mâ•­[0m[38;5;246mâ”€[0m[38;5;246m[[0m incomplete_struct_3:2:5 [38;5;246m][0m
   [38;5;246mâ”‚[0m
 [38;5;246m2 â”‚[0m [38;5;249m [0m[38;5;249m [0m[38;5;249m [0m[38;5;249m [0m[31mb[0m[31ma[0m[31mr[0m
 [38;5;240m  â”‚[0m     [31mâ”€[0m[31mâ”¬[0m[31mâ”€[0m  
 [38;5;240m  â”‚[0m      [31mâ•°[0m[31mâ”€[0m[31mâ”€[0m[31mâ”€[0m Unexpected token [31mbar[0m
[38;5;246mâ”€â”€â”€â•¯[0m

