[31mError:[0m missing function definition
   [38;5;246mâ•­[0m[38;5;246mâ”€[0m[38;5;246m[[0m no_such_function:2:5 [38;5;246m][0m
   [38;5;246mâ”‚[0m
 [38;5;246m2 â”‚[0m [38;5;249m [0m[38;5;249m [0m[38;5;249m [0m[38;5;249m [0m[31mf[0m[31mo[0m[31mo[0m[38;5;249m([0m[38;5;249m)[0m[38;5;249m;[0m
 [38;5;240m  â”‚[0m     [31mâ”€[0m[31mâ”¬[0m[31mâ”€[0m  
 [38;5;240m  â”‚[0m      [31mâ•°[0m[31mâ”€[0m[31mâ”€[0m[31mâ”€[0m function called here is not found
[38;5;246mâ”€â”€â”€â•¯[0m

