Interpreter exited with:
[31mError:[0m wrong number of arguments
   [38;5;246mâ•­[0m[38;5;246mâ”€[0m[38;5;246m[[0m too_few_args:6:5 [38;5;246m][0m
   [38;5;246mâ”‚[0m
 [38;5;246m1 â”‚[0m [33mâ•­[0m[33mâ”€[0m[33mâ–¶[0m[33m [0m[33mf[0m[33mn[0m[33m [0m[33mt[0m[33ma[0m[33mk[0m[33me[0m[33ms[0m[33m_[0m[33mt[0m[33mw[0m[33mo[0m[33m([0m[33ma[0m[33m:[0m[33m [0m[33mi[0m[33mn[0m[33mt[0m[33m,[0m[33m [0m[33mb[0m[33m:[0m[33m [0m[33mi[0m[33mn[0m[33mt[0m[33m)[0m[33m [0m[33m-[0m[33m>[0m[33m [0m[33mi[0m[33mn[0m[33mt[0m[33m [0m[33m{[0m
 [38;5;240m  â”†[0m [33mâ”†[0m   
 [38;5;246m3 â”‚[0m [33mâ”œ[0m[33mâ”€[0m[33mâ–¶[0m[33m [0m[33m}[0m
 [38;5;240m  â”‚[0m [33mâ”‚[0m       
 [38;5;240m  â”‚[0m [33mâ•°[0m[33mâ”€[0m[33mâ”€[0m[33mâ”€[0m[33mâ”€[0m[33mâ”€[0m[33mâ”€[0m[33mâ”€[0m for function defined here
 [38;5;240m  â”‚[0m 
 [38;5;246m6 â”‚[0m     [38;5;249m [0m[38;5;249m [0m[38;5;249m [0m[38;5;249m [0m[31mt[0m[31ma[0m[31mk[0m[31me[0m[31ms[0m[31m_[0m[31mt[0m[31mw[0m[31mo[0m[31m([0m[31m1[0m[31m)[0m[38;5;249m;[0m
 [38;5;240m  â”‚[0m         [31mâ”€[0m[31mâ”€[0m[31mâ”€[0m[31mâ”€[0m[31mâ”€[0m[31mâ”€[0m[31mâ”¬[0m[31mâ”€[0m[31mâ”€[0m[31mâ”€[0m[31mâ”€[0m[31mâ”€[0m  
 [38;5;240m  â”‚[0m               [31mâ•°[0m[31mâ”€[0m[31mâ”€[0m[31mâ”€[0m[31mâ”€[0m[31mâ”€[0m[31mâ”€[0m[31mâ”€[0m expected `2`, found `1`.
[38;5;246mâ”€â”€â”€â•¯[0m

