[31mError:[0m Unexpected token in input, expected <expression -> there's a lot of them...>
   [38;5;246mâ•­[0m[38;5;246mâ”€[0m[38;5;246m[[0mincomplete_struct_expr_3:6:24[38;5;246m][0m
   [38;5;246mâ”‚[0m
 [38;5;246m6 â”‚[0m [38;5;249m [0m[38;5;249m [0m[38;5;249m [0m[38;5;249m [0m[38;5;249ml[0m[38;5;249me[0m[38;5;249mt[0m[38;5;249m [0m[38;5;249mf[0m[38;5;249mo[0m[38;5;249mo[0m[38;5;249m [0m[38;5;249m=[0m[38;5;249m [0m[38;5;249mF[0m[38;5;249mo[0m[38;5;249mo[0m[38;5;249m [0m[38;5;249m{[0m[38;5;249m [0m[38;5;249mb[0m[38;5;249ma[0m[38;5;249mr[0m[31m:[0m
 [38;5;240m  â”‚[0m                        [31mâ”¬[0m  
 [38;5;240m  â”‚[0m                        [31mâ•°[0m[31mâ”€[0m[31mâ”€[0m Unexpected token [31m:[0m
[38;5;246mâ”€â”€â”€â•¯[0m
[31mError:[0m Unexpected token in input, expected use, impl, Fn, struct
   [38;5;246mâ•­[0m[38;5;246mâ”€[0m[38;5;246m[[0mincomplete_struct_expr_3:7:1[38;5;246m][0m
   [38;5;246mâ”‚[0m
 [38;5;246m7 â”‚[0m [31m}[0m
 [38;5;240m  â”‚[0m [31mâ”¬[0m  
 [38;5;240m  â”‚[0m [31mâ•°[0m[31mâ”€[0m[31mâ”€[0m Unexpected token [31m}[0m
[38;5;246mâ”€â”€â”€â•¯[0m

