[31mError:[0m no such field [36mbaz[0m
   [38;5;246mâ•­[0m[38;5;246mâ”€[0m[38;5;246m[[0m no_such_struct_field_i:6:28 [38;5;246m][0m
   [38;5;246mâ”‚[0m
 [38;5;246m6 â”‚[0m [38;5;249m [0m[38;5;249m [0m[38;5;249m [0m[38;5;249m [0m[38;5;249ml[0m[38;5;249me[0m[38;5;249mt[0m[38;5;249m [0m[38;5;249mf[0m[38;5;249m [0m[38;5;249m=[0m[38;5;249m [0m[33mF[0m[33mo[0m[33mo[0m[38;5;249m [0m[38;5;249m{[0m[38;5;249m [0m[38;5;249mb[0m[38;5;249ma[0m[38;5;249mr[0m[38;5;249m:[0m[38;5;249m [0m[38;5;249m4[0m[38;5;249m2[0m[38;5;249m,[0m[38;5;249m [0m[31mb[0m[31ma[0m[31mz[0m[38;5;249m:[0m[38;5;249m [0m[38;5;249mt[0m[38;5;249mr[0m[38;5;249mu[0m[38;5;249me[0m[38;5;249m [0m[38;5;249m}[0m[38;5;249m;[0m
 [38;5;240m  â”‚[0m             [33mâ”€[0m[33mâ”¬[0m[33mâ”€[0m            [31mâ”€[0m[31mâ”¬[0m[31mâ”€[0m  
 [38;5;240m  â”‚[0m              [33mâ•°[0m[33mâ”€[0m[33mâ”€[0m[33mâ”€[0m[33mâ”€[0m[33mâ”€[0m[33mâ”€[0m[33mâ”€[0m[33mâ”€[0m[33mâ”€[0m[33mâ”€[0m[33mâ”€[0m[33mâ”€[0m[33mâ”€[0m[33mâ”€[0m[33mâ”€[0m[33mâ”€[0m[33mâ”€[0m[33mâ”€[0m on this struct
 [38;5;240m  â”‚[0m                             [31mâ”‚[0m   
 [38;5;240m  â”‚[0m                             [31mâ•°[0m[31mâ”€[0m[31mâ”€[0m[31mâ”€[0m this field does not exist
[38;5;246mâ”€â”€â”€â•¯[0m

