[31mError:[0m struct field not found
   [38;5;246mâ•­[0m[38;5;246mâ”€[0m[38;5;246m[[0m no_such_struct_field:7:7 [38;5;246m][0m
   [38;5;246mâ”‚[0m
 [38;5;246m7 â”‚[0m [38;5;249m [0m[38;5;249m [0m[38;5;249m [0m[38;5;249m [0m[38;5;249mf[0m[38;5;249m.[0m[31mb[0m[31ma[0m[31mz[0m[38;5;249m [0m[38;5;249m=[0m[38;5;249m [0m[38;5;249mf[0m[38;5;249ma[0m[38;5;249ml[0m[38;5;249ms[0m[38;5;249me[0m[38;5;249m;[0m
 [38;5;240m  â”‚[0m       [31mâ”€[0m[31mâ”¬[0m[31mâ”€[0m  
 [38;5;240m  â”‚[0m        [31mâ•°[0m[31mâ”€[0m[31mâ”€[0m[31mâ”€[0m unknown field [36mbaz[0m
[38;5;246mâ”€â”€â”€â•¯[0m

