Interpreter exited with:
[31mError:[0m variable `[33ma[0m` not found
   [38;5;246mâ•­[0m[38;5;246mâ”€[0m[38;5;246m[[0mvar_not_found:2:11[38;5;246m][0m
   [38;5;246mâ”‚[0m
 [38;5;246m2 â”‚[0m [38;5;249m [0m[38;5;249m [0m[38;5;249m [0m[38;5;249m [0m[38;5;249mp[0m[38;5;249mr[0m[38;5;249mi[0m[38;5;249mn[0m[38;5;249mt[0m[38;5;249m([0m[31ma[0m[38;5;249m)[0m[38;5;249m;[0m
 [38;5;240m  â”‚[0m           [31mâ”¬[0m  
 [38;5;240m  â”‚[0m           [31mâ•°[0m[31mâ”€[0m[31mâ”€[0m used here
[38;5;246mâ”€â”€â”€â•¯[0m

