[31mError:[0m Type mismatch: expected `int`, found `string`.
   [38;5;246mâ•­[0m[38;5;246mâ”€[0m[38;5;246m[[0mindex_not_an_int:3:15[38;5;246m][0m
   [38;5;246mâ”‚[0m
 [38;5;246m3 â”‚[0m [38;5;249m [0m[38;5;249m [0m[38;5;249m [0m[38;5;249m [0m[38;5;249ml[0m[38;5;249me[0m[38;5;249mt[0m[38;5;249m [0m[38;5;249mb[0m[38;5;249m [0m[38;5;249m=[0m[38;5;249m [0m[38;5;249ma[0m[38;5;249m[[0m[33m"[0m[33ma[0m[33m"[0m[38;5;249m][0m[38;5;249m;[0m
 [38;5;240m  â”‚[0m               [33mâ”€[0m[33mâ”¬[0m[33mâ”€[0m  
 [38;5;240m  â”‚[0m                [33mâ•°[0m[33mâ”€[0m[33mâ”€[0m[33mâ”€[0m expected [36mint[0m
 [38;5;240m  â”‚[0m                [31mâ”‚[0m   
 [38;5;240m  â”‚[0m                [31mâ•°[0m[31mâ”€[0m[31mâ”€[0m[31mâ”€[0m found [36mstring[0m
[38;5;246mâ”€â”€â”€â•¯[0m

