[31mError:[0m expected a list
   [38;5;246mâ•­[0m[38;5;246mâ”€[0m[38;5;246m[[0mindex_not_a_list:3:13[38;5;246m][0m
   [38;5;246mâ”‚[0m
 [38;5;246m3 â”‚[0m [38;5;249m [0m[38;5;249m [0m[38;5;249m [0m[38;5;249m [0m[38;5;249ml[0m[38;5;249me[0m[38;5;249mt[0m[38;5;249m [0m[38;5;249mb[0m[38;5;249m [0m[38;5;249m=[0m[38;5;249m [0m[31ma[0m[38;5;249m[[0m[38;5;249m0[0m[38;5;249m][0m[38;5;249m;[0m
 [38;5;240m  â”‚[0m             [31mâ”¬[0m  
 [38;5;240m  â”‚[0m             [31mâ•°[0m[31mâ”€[0m[31mâ”€[0m used here
[38;5;246mâ”€â”€â”€â•¯[0m

