[31mError:[0m Type mismatch: expected `[3;35mbool[0m`, found `[3;35mint[0m`.
   [38;5;246mâ•­[0m[38;5;246mâ”€[0m[38;5;246m[[0m if_test:4:8 [38;5;246m][0m
   [38;5;246mâ”‚[0m
 [38;5;246m4 â”‚[0m [38;5;249m [0m[38;5;249m [0m[38;5;249m [0m[38;5;249m [0m[38;5;249mi[0m[38;5;249mf[0m[38;5;249m [0m[33m1[0m[38;5;249m [0m[38;5;249m{[0m
 [38;5;240m  â”‚[0m        [33mâ”¬[0m  
 [38;5;240m  â”‚[0m        [33mâ•°[0m[33mâ”€[0m[33mâ”€[0m expected [36m[3;35mbool[0m[0m
 [38;5;240m  â”‚[0m        [31mâ”‚[0m  
 [38;5;240m  â”‚[0m        [31mâ•°[0m[31mâ”€[0m[31mâ”€[0m found [36m[3;35mint[0m[0m
[38;5;246mâ”€â”€â”€â•¯[0m

[31mError:[0m Type mismatch: expected `[3;35mbool[0m`, found `[3;35mstring[0m`.
   [38;5;246mâ•­[0m[38;5;246mâ”€[0m[38;5;246m[[0m if_test:8:8 [38;5;246m][0m
   [38;5;246mâ”‚[0m
 [38;5;246m8 â”‚[0m [38;5;249m [0m[38;5;249m [0m[38;5;249m [0m[38;5;249m [0m[38;5;249mi[0m[38;5;249mf[0m[38;5;249m [0m[33m"[0m[33m8[0m[33m"[0m[38;5;249m [0m[38;5;249m{[0m
 [38;5;240m  â”‚[0m        [33mâ”€[0m[33mâ”¬[0m[33mâ”€[0m  
 [38;5;240m  â”‚[0m         [33mâ•°[0m[33mâ”€[0m[33mâ”€[0m[33mâ”€[0m expected [36m[3;35mbool[0m[0m
 [38;5;240m  â”‚[0m         [31mâ”‚[0m   
 [38;5;240m  â”‚[0m         [31mâ•°[0m[31mâ”€[0m[31mâ”€[0m[31mâ”€[0m found [36m[3;35mstring[0m[0m
[38;5;246mâ”€â”€â”€â•¯[0m

[31mError:[0m Type mismatch: expected `[3;35mbool[0m`, found `[3;35mfloat[0m`.
    [38;5;246mâ•­[0m[38;5;246mâ”€[0m[38;5;246m[[0m if_test:12:8 [38;5;246m][0m
    [38;5;246mâ”‚[0m
 [38;5;246m12 â”‚[0m [38;5;249m [0m[38;5;249m [0m[38;5;249m [0m[38;5;249m [0m[38;5;249mi[0m[38;5;249mf[0m[38;5;249m [0m[33m1[0m[33m.[0m[33m0[0m[38;5;249m [0m[38;5;249m{[0m
 [38;5;240m   â”‚[0m        [33mâ”€[0m[33mâ”¬[0m[33mâ”€[0m  
 [38;5;240m   â”‚[0m         [33mâ•°[0m[33mâ”€[0m[33mâ”€[0m[33mâ”€[0m expected [36m[3;35mbool[0m[0m
 [38;5;240m   â”‚[0m         [31mâ”‚[0m   
 [38;5;240m   â”‚[0m         [31mâ•°[0m[31mâ”€[0m[31mâ”€[0m[31mâ”€[0m found [36m[3;35mfloat[0m[0m
[38;5;246mâ”€â”€â”€â”€â•¯[0m

