[31mError:[0m no such method
   [38;5;246mâ•­[0m[38;5;246mâ”€[0m[38;5;246m[[0mformat_error:2:13[38;5;246m][0m
   [38;5;246mâ”‚[0m
 [38;5;246m2 â”‚[0m [38;5;249m [0m[38;5;249m [0m[38;5;249m [0m[38;5;249m [0m[38;5;249m"[0m[38;5;249mh[0m[38;5;249me[0m[38;5;249ml[0m[38;5;249ml[0m[38;5;249mo[0m[38;5;249m"[0m[38;5;249m.[0m[31me[0m[31mr[0m[31mr[0m[31mo[0m[31mr[0m[38;5;249m([0m[38;5;249m)[0m[38;5;249m;[0m
 [38;5;240m  â”‚[0m             [31mâ”€[0m[31mâ”€[0m[31mâ”¬[0m[31mâ”€[0m[31mâ”€[0m  
 [38;5;240m  â”‚[0m               [31mâ•°[0m[31mâ”€[0m[31mâ”€[0m[31mâ”€[0m[31mâ”€[0m in this invocation: [33merror[0m
[38;5;246mâ”€â”€â”€â•¯[0m

